../Core/Src/main.c:109:5:main	32	static
../Core/Src/main.c:156:6:SystemClock_Config	88	static
../Core/Src/main.c:200:19:start_controller	40	static
../Core/Src/main.c:211:6:gerenciador_botao	32	static
../Core/Src/main.c:225:6:gerenciador_botao_struct	32	static
../Core/Src/main.c:230:14:estado_botao	16	static
../Core/Src/main.c:245:6:HAL_TIM_PeriodElapsedCallback	16	static
../Core/Src/main.c:252:6:HAL_GPIO_EXTI_Callback	16	static
../Core/Src/main.c:283:6:HAL_UART_RxCpltCallback	16	static
../Core/Src/main.c:295:6:gerencia_estados	8	static
../Core/Src/main.c:316:6:setaFrequenciaTim	40	static
../Core/Src/main.c:324:10:pegaFrequenciaTim	16	static
../Core/Src/main.c:328:6:inverte_pinos	8	static
../Core/Src/main.c:332:6:zera_notas	8	static
../Core/Src/main.c:342:6:Error_Handler	4	static,ignoring_inline_asm
